// Jest Snapshot v1, https://goo.gl/fbAQLP

exports[` 1`] = `
<Fragment>
  <AutoCompleteForm
    saveList={[Function]}
  />
</Fragment>
`;

exports[`component SearchRecipesForm renders component when getProducts is undefined 1`] = `
<Fragment>
  <AutoCompleteForm
    saveList={[Function]}
  />
</Fragment>
`;
