// Jest Snapshot v1, https://goo.gl/fbAQLP

exports[`component ImageUpload match snapshot 1`] = `
<Fragment>
  <Upload
    accept=""
    action=""
    beforeUpload={[Function]}
    className="avatar-uploader"
    data={Object {}}
    disabled={false}
    listType="picture-card"
    multiple={false}
    name="avatar"
    onChange={[Function]}
    showUploadList={false}
    supportServerRender={true}
    type="select"
  >
    <ForwardRef(PlusOutlined) />
    <div
      className="ant-upload-text"
    >
      Upload
    </div>
  </Upload>
</Fragment>
`;

exports[`component ImageUpload match snapshot when given correct file format 1`] = `
<Fragment>
  <Upload
    accept=""
    action=""
    beforeUpload={[Function]}
    className="avatar-uploader"
    data={Object {}}
    disabled={false}
    listType="picture-card"
    multiple={false}
    name="avatar"
    onChange={[Function]}
    showUploadList={false}
    supportServerRender={true}
    type="select"
  >
    <ForwardRef(PlusOutlined) />
    <div
      className="ant-upload-text"
    >
      Upload
    </div>
  </Upload>
</Fragment>
`;

exports[`component ImageUpload match snapshot when too large image was given 1`] = `
<Fragment>
  <Upload
    accept=""
    action=""
    beforeUpload={[Function]}
    className="avatar-uploader"
    data={Object {}}
    disabled={false}
    listType="picture-card"
    multiple={false}
    name="avatar"
    onChange={[Function]}
    showUploadList={false}
    supportServerRender={true}
    type="select"
  >
    <ForwardRef(PlusOutlined) />
    <div
      className="ant-upload-text"
    >
      Upload
    </div>
  </Upload>
</Fragment>
`;

exports[`component ImageUpload match snapshot when wrong file format was given 1`] = `
<Fragment>
  <Upload
    accept=""
    action=""
    beforeUpload={[Function]}
    className="avatar-uploader"
    data={Object {}}
    disabled={false}
    listType="picture-card"
    multiple={false}
    name="avatar"
    onChange={[Function]}
    showUploadList={false}
    supportServerRender={true}
    type="select"
  >
    <ForwardRef(PlusOutlined) />
    <div
      className="ant-upload-text"
    >
      Upload
    </div>
  </Upload>
</Fragment>
`;
